x: 0, y: 0 -> x: 0, y: 0
x: 2, y: 3 -> x: 0, y: 0
x: -5, y: 0 -> x: -1, y: 0
x: -12, y: 0 -> x: -2, y: 0
x: 25, y: 30 -> x: 2, y: 3
x: -45, y: 50 -> x: -5, y: 5
x: 60, y: -75 -> x: 6, y: -8
x: -83, y: -97 -> x: -9, y: -10
