__________
__________
___*______
__________
_____*____
__________
__________
__________
__________
__________
